// Jest Snapshot v1, https://goo.gl/fbAQLP

exports[`Test Navbar 1`] = `
<nav
  className="border-bottom py-3 navbar navbar-expand-lg navbar-light bg-light"
>
  <div
    className="container"
  >
    <a
      className="d-flex navbar-brand"
      href="#home"
    >
      <img
        alt="Logo"
        className="logo"
        src="world.png"
      />
      <h2
        className="ps-3"
      >
        Space Travelers' Hub
      </h2>
    </a>
    <button
      aria-controls="basic-navbar-nav"
      aria-label="Toggle navigation"
      className="navbar-toggler collapsed"
      onClick={[Function]}
      type="button"
    >
      <span
        className="navbar-toggler-icon"
      />
    </button>
    <div
      aria-expanded={null}
      className="navbar-collapse collapse"
      id="basic-navbar-nav"
    >
      <div
        className="ms-auto navbar-nav"
        onKeyDown={[Function]}
      >
        <a
          className="nav-link"
          data-rr-ui-event-key={null}
          href="#"
          onClick={[Function]}
          onKeyDown={[Function]}
          role="button"
          tabIndex={0}
        >
          <a
            aria-current="page"
            className="text-primary link active"
            href="/"
            id="mylink1"
            onClick={[Function]}
            style={
              Object {
                "color": "#0d8efd",
                "textDecoration": "underline solid #0d8efd",
              }
            }
          >
            Rockets
          </a>
        </a>
        <a
          className="nav-link"
          data-rr-ui-event-key={null}
          href="#"
          onClick={[Function]}
          onKeyDown={[Function]}
          role="button"
          tabIndex={0}
        >
          <a
            className="text-primary link"
            href="/mission"
            id="mylink2"
            onClick={[Function]}
            style={
              Object {
                "color": "#0d8dfd98",
                "textDecoration": "none",
              }
            }
          >
            Missions
          </a>
        </a>
        <a
          className="nav-link"
          data-rr-ui-event-key={null}
          href="#"
          onClick={[Function]}
          onKeyDown={[Function]}
          role="button"
          tabIndex={0}
        >
          <a
            className="text-primary link"
            href="/myProfile"
            id="mylink3"
            onClick={[Function]}
            style={
              Object {
                "color": "#0d8dfd98",
                "textDecoration": "none",
              }
            }
          >
            My Profile
          </a>
        </a>
      </div>
    </div>
  </div>
</nav>
`;

exports[`Test Navbar renders correctly 1`] = `
<nav
  className="border-bottom py-3 navbar navbar-expand-lg navbar-light bg-light"
>
  <div
    className="container"
  >
    <a
      className="d-flex navbar-brand"
      href="#home"
    >
      <img
        alt="Logo"
        className="logo"
        src="world.png"
      />
      <h2
        className="ps-3"
      >
        Space Travelers' Hub
      </h2>
    </a>
    <button
      aria-controls="basic-navbar-nav"
      aria-label="Toggle navigation"
      className="navbar-toggler collapsed"
      onClick={[Function]}
      type="button"
    >
      <span
        className="navbar-toggler-icon"
      />
    </button>
    <div
      aria-expanded={null}
      className="navbar-collapse collapse"
      id="basic-navbar-nav"
    >
      <div
        className="ms-auto navbar-nav"
        onKeyDown={[Function]}
      >
        <a
          className="nav-link"
          data-rr-ui-event-key={null}
          href="#"
          onClick={[Function]}
          onKeyDown={[Function]}
          role="button"
          tabIndex={0}
        >
          <a
            aria-current="page"
            className="text-primary link active"
            href="/"
            id="mylink1"
            onClick={[Function]}
            style={
              Object {
                "color": "#0d8efd",
                "textDecoration": "underline solid #0d8efd",
              }
            }
          >
            Rockets
          </a>
        </a>
        <a
          className="nav-link"
          data-rr-ui-event-key={null}
          href="#"
          onClick={[Function]}
          onKeyDown={[Function]}
          role="button"
          tabIndex={0}
        >
          <a
            className="text-primary link"
            href="/mission"
            id="mylink2"
            onClick={[Function]}
            style={
              Object {
                "color": "#0d8dfd98",
                "textDecoration": "none",
              }
            }
          >
            Missions
          </a>
        </a>
        <a
          className="nav-link"
          data-rr-ui-event-key={null}
          href="#"
          onClick={[Function]}
          onKeyDown={[Function]}
          role="button"
          tabIndex={0}
        >
          <a
            className="text-primary link"
            href="/myProfile"
            id="mylink3"
            onClick={[Function]}
            style={
              Object {
                "color": "#0d8dfd98",
                "textDecoration": "none",
              }
            }
          >
            My Profile
          </a>
        </a>
      </div>
    </div>
  </div>
</nav>
`;

exports[`Test RocketContainer renders correctly 1`] = `null`;
